// Jest Snapshot v1, https://goo.gl/fbAQLP

exports[`Home snapshot 1`] = `
<div>
  <article
    class="flex flex-col sm:flex-row items-center justify-between space-x-5"
  >
    <section
      class="container"
    >
      <header>
        <h1
          class="text-2xl sm:text-4xl font-bold text-gray-200 "
        >
          Hey, I'm Luca!
        </h1>
      </header>
      <div
        class="mt-4 text-base sm:text-lg"
      >
        <p
          class="my-3"
        >
          I'm a software engineer from Brazil, who loves gaming and creating things. I work as a FullStack Engineer at
           
          <a
            class="font-bold underline"
            href="https://www.sinaitechnologies.com/"
            rel="noopener noreferrer"
            target="_blank"
          >
            Sinai Technologies
          </a>
           
          â€” where I help decarbonize the planet with GraphQL and Typescript.
        </p>
        <p
          class="my-3"
        >
          Besides that, I've also been learning Elixir, and developing some mobile games! You can check my latest one:
           
          <a
            class="font-bold underline"
            href="https://play.google.com/store/apps/details?id=com.Bendev.UpWeGo"
            rel="noopener noreferrer"
            target="_blank"
          >
            Up We Go
          </a>
          .
        </p>
      </div>
    </section>
    <section
      class="flex-shrink-0 mt-4 sm:mt-0 sm:ml-4"
    >
      <img
        alt="test-img"
      />
    </section>
  </article>
</div>
`;
