// Jest Snapshot v1, https://goo.gl/fbAQLP

exports[`Secrets snapshot 1`] = `
<div>
  <header
    class="mb-12"
  >
    <h1
      class="text-4xl font-bold pb-2"
    >
      Secrets
    </h1>
    <h2
      class="text-gray-400"
    >
      How did you get here?
    </h2>
  </header>
  <article
    class="flex flex-col items-center px-8"
  >
    <a
      href="https://www.youtube.com/playlist?list=PL2gDVp_0vZOQjqMex201dYpUiu1mcGX96"
      rel="noopener noreferrer"
      target="_blank"
    >
      My dumb playlist
    </a>
    <div
      class="hidden mt-8 sm:flex sm:justify-center sm:w-screen"
    />
  </article>
</div>
`;
